F                                                                        [100%]
================================== FAILURES ===================================
______________________ test_initial_and_poll_boundaries _______________________

    def test_initial_and_poll_boundaries():
>       m, p, s, o = setup()
                     ^^^^^^^

tests\test_alc_r0_authority_watch_policy.py:23: 
_ _ _ _ _ _ _ _ _ _ _ _ _ _ _ _ _ _ _ _ _ _ _ _ _ _ _ _ _ _ _ _ _ _ _ _ _ _ _ _
tests\test_alc_r0_authority_watch_policy.py:14: in setup
    m = api()
        ^^^^^
tests\test_alc_r0_authority_watch_policy.py:10: in api
    return importlib.import_module('aluclu.alc_r0.authority_watch_policy')
           ^^^^^^^^^^^^^^^^^^^^^^^^^^^^^^^^^^^^^^^^^^^^^^^^^^^^^^^^^^^^^^^
C:\Users\kaann\AppData\Roaming\uv\python\cpython-3.12-windows-x86_64-none\Lib\importlib\__init__.py:90: in import_module
    return _bootstrap._gcd_import(name[level:], package, level)
           ^^^^^^^^^^^^^^^^^^^^^^^^^^^^^^^^^^^^^^^^^^^^^^^^^^^^
<frozen importlib._bootstrap>:1387: in _gcd_import
    ???
<frozen importlib._bootstrap>:1360: in _find_and_load
    ???
_ _ _ _ _ _ _ _ _ _ _ _ _ _ _ _ _ _ _ _ _ _ _ _ _ _ _ _ _ _ _ _ _ _ _ _ _ _ _ _

name = 'aluclu.alc_r0.authority_watch_policy'
import_ = <function _gcd_import at 0x000001B3DF8B80E0>

>   ???
E   ModuleNotFoundError: No module named 'aluclu.alc_r0.authority_watch_policy'

<frozen importlib._bootstrap>:1324: ModuleNotFoundError
=========================== short test summary info ===========================
FAILED tests/test_alc_r0_authority_watch_policy.py::test_initial_and_poll_boundaries
