FFF                                                                      [100%]
================================== FAILURES ===================================
_ test_complete_scientific_roundtrip[alc-r0-qualification-v1-d-cpu-fresh1-s20260916] _

control = 'alc-r0-qualification-v1-d-cpu-fresh1-s20260916'

    @pytest.mark.parametrize("control", CONTROLS)
    def test_complete_scientific_roundtrip(control):
        req, expected, value = fixture(control)
        before = copy.deepcopy(value)
>       result = projection().encode_d_success(value, req)
                 ^^^^^^^^^^^^

tests\test_alc_r0_fixed_d_projection.py:79: 
_ _ _ _ _ _ _ _ _ _ _ _ _ _ _ _ _ _ _ _ _ _ _ _ _ _ _ _ _ _ _ _ _ _ _ _ _ _ _ _
tests\test_alc_r0_fixed_d_projection.py:27: in projection
    return importlib.import_module("aluclu.alc_r0.fixed_d_projection")
           ^^^^^^^^^^^^^^^^^^^^^^^^^^^^^^^^^^^^^^^^^^^^^^^^^^^^^^^^^^^
C:\Users\kaann\AppData\Roaming\uv\python\cpython-3.12-windows-x86_64-none\Lib\importlib\__init__.py:90: in import_module
    return _bootstrap._gcd_import(name[level:], package, level)
           ^^^^^^^^^^^^^^^^^^^^^^^^^^^^^^^^^^^^^^^^^^^^^^^^^^^^
<frozen importlib._bootstrap>:1387: in _gcd_import
    ???
<frozen importlib._bootstrap>:1360: in _find_and_load
    ???
_ _ _ _ _ _ _ _ _ _ _ _ _ _ _ _ _ _ _ _ _ _ _ _ _ _ _ _ _ _ _ _ _ _ _ _ _ _ _ _

name = 'aluclu.alc_r0.fixed_d_projection'
import_ = <function _gcd_import at 0x0000022B5DD580E0>

>   ???
E   ModuleNotFoundError: No module named 'aluclu.alc_r0.fixed_d_projection'

<frozen importlib._bootstrap>:1324: ModuleNotFoundError
_ test_complete_scientific_roundtrip[alc-r0-qualification-v1-d-gpu-fresh1-s20260916] _

control = 'alc-r0-qualification-v1-d-gpu-fresh1-s20260916'

    @pytest.mark.parametrize("control", CONTROLS)
    def test_complete_scientific_roundtrip(control):
        req, expected, value = fixture(control)
        before = copy.deepcopy(value)
>       result = projection().encode_d_success(value, req)
                 ^^^^^^^^^^^^

tests\test_alc_r0_fixed_d_projection.py:79: 
_ _ _ _ _ _ _ _ _ _ _ _ _ _ _ _ _ _ _ _ _ _ _ _ _ _ _ _ _ _ _ _ _ _ _ _ _ _ _ _
tests\test_alc_r0_fixed_d_projection.py:27: in projection
    return importlib.import_module("aluclu.alc_r0.fixed_d_projection")
           ^^^^^^^^^^^^^^^^^^^^^^^^^^^^^^^^^^^^^^^^^^^^^^^^^^^^^^^^^^^
C:\Users\kaann\AppData\Roaming\uv\python\cpython-3.12-windows-x86_64-none\Lib\importlib\__init__.py:90: in import_module
    return _bootstrap._gcd_import(name[level:], package, level)
           ^^^^^^^^^^^^^^^^^^^^^^^^^^^^^^^^^^^^^^^^^^^^^^^^^^^^
<frozen importlib._bootstrap>:1387: in _gcd_import
    ???
<frozen importlib._bootstrap>:1360: in _find_and_load
    ???
_ _ _ _ _ _ _ _ _ _ _ _ _ _ _ _ _ _ _ _ _ _ _ _ _ _ _ _ _ _ _ _ _ _ _ _ _ _ _ _

name = 'aluclu.alc_r0.fixed_d_projection'
import_ = <function _gcd_import at 0x0000022B5DD580E0>

>   ???
E   ModuleNotFoundError: No module named 'aluclu.alc_r0.fixed_d_projection'

<frozen importlib._bootstrap>:1324: ModuleNotFoundError
_ test_complete_scientific_roundtrip[alc-r0-qualification-v1-d-gpu-fresh2-s20260916] _

control = 'alc-r0-qualification-v1-d-gpu-fresh2-s20260916'

    @pytest.mark.parametrize("control", CONTROLS)
    def test_complete_scientific_roundtrip(control):
        req, expected, value = fixture(control)
        before = copy.deepcopy(value)
>       result = projection().encode_d_success(value, req)
                 ^^^^^^^^^^^^

tests\test_alc_r0_fixed_d_projection.py:79: 
_ _ _ _ _ _ _ _ _ _ _ _ _ _ _ _ _ _ _ _ _ _ _ _ _ _ _ _ _ _ _ _ _ _ _ _ _ _ _ _
tests\test_alc_r0_fixed_d_projection.py:27: in projection
    return importlib.import_module("aluclu.alc_r0.fixed_d_projection")
           ^^^^^^^^^^^^^^^^^^^^^^^^^^^^^^^^^^^^^^^^^^^^^^^^^^^^^^^^^^^
C:\Users\kaann\AppData\Roaming\uv\python\cpython-3.12-windows-x86_64-none\Lib\importlib\__init__.py:90: in import_module
    return _bootstrap._gcd_import(name[level:], package, level)
           ^^^^^^^^^^^^^^^^^^^^^^^^^^^^^^^^^^^^^^^^^^^^^^^^^^^^
<frozen importlib._bootstrap>:1387: in _gcd_import
    ???
<frozen importlib._bootstrap>:1360: in _find_and_load
    ???
_ _ _ _ _ _ _ _ _ _ _ _ _ _ _ _ _ _ _ _ _ _ _ _ _ _ _ _ _ _ _ _ _ _ _ _ _ _ _ _

name = 'aluclu.alc_r0.fixed_d_projection'
import_ = <function _gcd_import at 0x0000022B5DD580E0>

>   ???
E   ModuleNotFoundError: No module named 'aluclu.alc_r0.fixed_d_projection'

<frozen importlib._bootstrap>:1324: ModuleNotFoundError
=========================== short test summary info ===========================
FAILED tests/test_alc_r0_fixed_d_projection.py::test_complete_scientific_roundtrip[alc-r0-qualification-v1-d-cpu-fresh1-s20260916]
FAILED tests/test_alc_r0_fixed_d_projection.py::test_complete_scientific_roundtrip[alc-r0-qualification-v1-d-gpu-fresh1-s20260916]
FAILED tests/test_alc_r0_fixed_d_projection.py::test_complete_scientific_roundtrip[alc-r0-qualification-v1-d-gpu-fresh2-s20260916]
