F                                                                        [100%]
================================== FAILURES ===================================
__________ test_full_random_qv_cell_real_backward_pending_and_adamw ___________

factory = <bound method _ReferenceFactory.make of <aluclu.alc_r0.reference_parity_suite._ReferenceFactory object at 0x0000012CD0CA0710>>
fixtures = (ParityInput(input_ids=(10, 2, 3, 4, 5, 6, 7, 8, 9, 10, 11, 12, 13, 14, 15, 16, 17, 18, 19, 20, 21, 22, 23, 24, 25, 26...52, 53, 54, 55, 56, 57, 58, 59, 60, 61, 62, 63, 64, 65, 66, 67, 68, 69, 70), prompt_length=62, candidate_ids=(13, 14)))
exact = True

    def run_parity_cell(factory, fixtures, *, exact):
        """Run 18 off/on singles, repeated nonzero, pending pair and fixed step.
    
        Fixtures are ordered safe/vulnerable for L32, L64 and L64+padding7. Their
        labels/provenance must be authenticated externally. Success is one synthetic
        cell only, not full-matrix/actual-host/resource/scientific acceptance.
        No full logits, autograd graphs or optimizer objects survive in the receipt.
        Execution failures now wrap the original cause in ObservationError or
        KeyboardInterrupt subclasses with bounded progress; invalid admission still
        fails before execution. Accumulation is one delegated stage, not a claim of
        microbatch-level or durable timeout journaling. No retry or rollback occurs.
        """
        if not callable(factory) or type(exact) is not bool:
            raise ObservationError("callable factory and exact boolean required")
        _schedule(fixtures)
        guard = _FactoryGuard(factory, exact)
        try:
>           cases = _singles(guard, fixtures)
                    ^^^^^^^^^^^^^^^^^^^^^^^^^

src\aluclu\alc_r0\checkpoint_parity_cell.py:316: 
_ _ _ _ _ _ _ _ _ _ _ _ _ _ _ _ _ _ _ _ _ _ _ _ _ _ _ _ _ _ _ _ _ _ _ _ _ _ _ _
src\aluclu\alc_r0\checkpoint_parity_cell.py:251: in _singles
    on = guard.make(state, True)
         ^^^^^^^^^^^^^^^^^^^^^^^
src\aluclu\alc_r0\checkpoint_parity_cell.py:146: in make
    wrapper = self.factory(state, checkpoint)
              ^^^^^^^^^^^^^^^^^^^^^^^^^^^^^^^
src\aluclu\alc_r0\reference_parity_suite.py:165: in make
    return self.guard.make(state, checkpoint)
           ^^^^^^^^^^^^^^^^^^^^^^^^^^^^^^^^^^
src\aluclu\alc_r0\checkpoint_parity_cell.py:146: in make
    wrapper = self.factory(state, checkpoint)
              ^^^^^^^^^^^^^^^^^^^^^^^^^^^^^^^
src\aluclu\alc_r0\reference_parity_suite.py:117: in _make
    wrapper = make_reference_wrapper(self.host, checkpoint, state=state)
              ^^^^^^^^^^^^^^^^^^^^^^^^^^^^^^^^^^^^^^^^^^^^^^^^^^^^^^^^^^
src\aluclu\alc_r0\checkpoint_parity_factory.py:128: in make_reference_wrapper
    wrapper.enable_checkpoint_inventory()
src\aluclu\alc_r0\reference_qv_wrapper.py:68: in enable_checkpoint_inventory
    super().enable_checkpoint_inventory()
src\aluclu\alc_r0\host_wrapper.py:80: in enable_checkpoint_inventory
    enable_wrapper_inventory(self)
src\aluclu\alc_r0\checkpoint_inventory.py:41: in enable_wrapper_inventory
    _wrapper_fingerprint(owner)
src\aluclu\alc_r0\checkpoint_inventory.py:13: in _wrapper_fingerprint
    return computational_state_fingerprint({"wrapper": owner})
           ^^^^^^^^^^^^^^^^^^^^^^^^^^^^^^^^^^^^^^^^^^^^^^^^^^^
src\aluclu\alc_r0\checkpoint_state.py:548: in computational_state_fingerprint
    _dispatch_dependencies(module, freeze),
    ^^^^^^^^^^^^^^^^^^^^^^^^^^^^^^^^^^^^^^
src\aluclu\alc_r0\checkpoint_state.py:260: in _dispatch_dependencies
    binding = freeze(operation)
              ^^^^^^^^^^^^^^^^^
src\aluclu\alc_r0\checkpoint_state.py:433: in freeze
    [freeze(item, depth + 1) for item in closure],
     ^^^^^^^^^^^^^^^^^^^^^^^
_ _ _ _ _ _ _ _ _ _ _ _ _ _ _ _ _ _ _ _ _ _ _ _ _ _ _ _ _ _ _ _ _ _ _ _ _ _ _ _

value = <class 'transformers.modeling_layers.GradientCheckpointingLayer'>
depth = 1

    def freeze(value, depth=0):
        nonlocal nodes
        nodes += 1
        if depth > 32 or nodes > 100000:
            raise CheckpointExecutionError(
                "computational state resource bound exceeded"
            )
        if value is None or type(value) in {bool, int, str}:
            if type(value) is int and value.bit_length() > 256:
                raise CheckpointExecutionError("integer state bound exceeded")
            if type(value) is str:
                if len(value) > 65536 or len(value.encode("utf-8")) > 65536:
                    raise CheckpointExecutionError("string state bound exceeded")
            return [type(value).__name__, value]
        if type(value) is float:
            if not math.isfinite(value):
                raise CheckpointExecutionError("nonfinite computational state")
            return ["float", value.hex()]
        if isinstance(value, (torch.dtype, torch.device)):
            return [type(value).__name__, str(value)]
        if id(value) in wrapper_ids:
            # Controller getter closure may capture its separately inventoried
            # exact owner. This is not arbitrary module reference admission.
            return ["inventoried_wrapper", id(value)]
        if any(value is cls for cls in wrapper_classes):
            # Explicit super() class cells; methods are inventoried separately.
            return ["wrapper_class", id(value)]
        if isinstance(value, types.MethodType):
            if id(value.__self__) not in module_ids:
                previous, functions, getters, dispatch = no_grad_factory_dependencies(
                    value
                )
                return [
                    "no_grad_factory",
                    id(value.__self__),
                    previous,
                    [freeze(fn, depth + 1) for fn in functions],
                    [freeze(fn, depth + 1) for fn in getters],
                    dispatch,
                ]
            # Attribute access constructs ephemeral method objects; never memoize
            # their recycled IDs. Their stable binding is self plus function.
            return ["method", id(value.__self__), freeze(value.__func__, depth + 1)]
        if any(value is cls for cls in CONTEXT_CLASSES):
            # Only class cells in the separately enumerated context operations.
            # Method bodies/state are bound above; this is not generic class support.
            return ["context_class", id(value)]
        identity = id(value)
        if identity in active:
            raise CheckpointExecutionError("computational state cycle")
        if identity in memo:
            return ["reference", identity]
        active.add(identity)
        try:
            if isinstance(value, torch.Tensor):
                if value.requires_grad or value.numel() * value.element_size() > 65536:
                    raise CheckpointExecutionError(
                        "unsupported unregistered tensor state"
                    )
                stamp = _tensor_stamp(value)
                result = [
                    "tensor",
                    identity,
                    [str(item) for item in stamp],
                    _digest((("value", value),)),
                ]
            elif type(value) in {dict, OrderedDict}:
                if len(value) > 2048:
                    raise CheckpointExecutionError(
                        "computational container bound exceeded"
                    )
                items = [
                    (freeze(key, depth + 1), freeze(item, depth + 1))
                    for key, item in value.items()
                ]
                items.sort(key=lambda pair: pair[0])
                result = ["mapping", identity, items]
            elif type(value) in {list, tuple, set, frozenset}:
                if len(value) > 2048:
                    raise CheckpointExecutionError(
                        "computational container bound exceeded"
                    )
                items = [freeze(item, depth + 1) for item in value]
                if isinstance(value, (set, frozenset)):
                    items.sort()
                result = [type(value).__name__, identity, items]
            elif isinstance(value, (PretrainedConfig, GenerationConfig)):
                result = [
                    "config",
                    identity,
                    id(type(value)),
                    freeze(vars(value), depth + 1),
                ]
            elif isinstance(value, types.FunctionType):
                closure = tuple(cell.cell_contents for cell in value.__closure__ or ())
                # Ephemeral closure tuples themselves are not fingerprint identities.
                result = [
                    "function",
                    identity,
                    id(value.__code__),
                    freeze(value.__defaults__, depth + 1),
                    freeze(value.__kwdefaults__, depth + 1),
                    [freeze(item, depth + 1) for item in closure],
                ]
            elif isinstance(value, types.BuiltinFunctionType):
                # Python cannot expose native implementation state here. This
                # binds the resolved callable only; runtime qualification is separate.
                result = ["builtin", identity, id(value.__self__)]
            elif isinstance(
                value, (types.WrapperDescriptorType, types.MethodDescriptorType)
            ):
                # A reviewed Python dispatch closure can capture its original
                # native descriptor; bind that endpoint, not native semantics.
                result = ["native_descriptor", identity, id(value.__objclass__)]
            elif isinstance(value, functools.partial):
                result = [
                    "partial",
                    identity,
                    freeze(value.func, depth + 1),
                    freeze(value.args, depth + 1),
                    freeze(value.keywords, depth + 1),
                ]
            else:
>               raise CheckpointExecutionError(
                    f"unsupported computational attribute type: {type(value).__name__}"
                )
E               aluclu.alc_r0.checkpoint_execution.CheckpointExecutionError: unsupported computational attribute type: type

src\aluclu\alc_r0\checkpoint_state.py:454: CheckpointExecutionError

The above exception was the direct cause of the following exception:

host = VerifiedHost(model=LlamaForCausalLM(
  (model): LlamaModel(
    (embed_tokens): Embedding(1024, 576)
    (layers): Mod...e_word_embeddings': True, 'bos_token_id': 0, 'eos_token_id': 0}, parameter_count=31280448, trainable_parameter_count=0)
fixtures = (ParityInput(input_ids=(10, 2, 3, 4, 5, 6, 7, 8, 9, 10, 11, 12, 13, 14, 15, 16, 17, 18, 19, 20, 21, 22, 23, 24, 25, 26...52, 53, 54, 55, 56, 57, 58, 59, 60, 61, 62, 63, 64, 65, 66, 67, 68, 69, 70), prompt_length=62, candidate_ids=(13, 14)))
exact = True
expected_fixture_digest = '47a35817b3bd37e48d8adffe3a9d559c646eb7ddf4dab227487a83c10b16747b'

    def run_reference_parity_suite(host, fixtures, *, exact, expected_fixture_digest):
        """Bind fixed factory, generic cell and bounded separate success receipt.
    
        No public loader/factory/execution callback. The fixture digest must originate
        in caller-authenticated framing; equality alone does not confer provenance.
        Original cell keeps18 singles/pending pair/16 accumulation/preclip comparisons
        and fixed step1. Failures retain the inner journal, whose accumulation stage
        remains coarse. Outer owner persists scalar evidence and discards live chained
        exceptions/wrappers; this function neither journals process kills nor retries.
        """
        if (
            type(exact) is not bool
            or torch.is_inference_mode_enabled()
            or not torch.is_grad_enabled()
        ):
            raise ValueError(
                "explicit mode and ordinary grad-enabled construction required"
            )
        _schedule(fixtures)
        _sha(expected_fixture_digest)
        fixture_digest = _json_digest([asdict(fixture) for fixture in fixtures])
        if fixture_digest != expected_fixture_digest:
            raise ValueError("expected six-fixture digest required")
        signature = _signature(host)
        if exact != (signature[0].type == "cpu"):
            raise ValueError("CPU exact/GPU fixed tolerance mode required")
        identity = ReferenceParityIdentity(
            str(signature[0]),
            str(next(host.model.parameters()).dtype),
            signature[1],
            signature[5],
            signature[6],
            fixture_digest,
        )
        stage, factory, completed_progress = "prepare", None, None
        try:
            factory = _ReferenceFactory(host, signature, exact)
            stage = "cell"
>           cell = run_parity_cell(factory.make, fixtures, exact=exact)
                   ^^^^^^^^^^^^^^^^^^^^^^^^^^^^^^^^^^^^^^^^^^^^^^^^^^^^

src\aluclu\alc_r0\reference_parity_suite.py:212: 
_ _ _ _ _ _ _ _ _ _ _ _ _ _ _ _ _ _ _ _ _ _ _ _ _ _ _ _ _ _ _ _ _ _ _ _ _ _ _ _

factory = <bound method _ReferenceFactory.make of <aluclu.alc_r0.reference_parity_suite._ReferenceFactory object at 0x0000012CD0CA0710>>
fixtures = (ParityInput(input_ids=(10, 2, 3, 4, 5, 6, 7, 8, 9, 10, 11, 12, 13, 14, 15, 16, 17, 18, 19, 20, 21, 22, 23, 24, 25, 26...52, 53, 54, 55, 56, 57, 58, 59, 60, 61, 62, 63, 64, 65, 66, 67, 68, 69, 70), prompt_length=62, candidate_ids=(13, 14)))
exact = True

    def run_parity_cell(factory, fixtures, *, exact):
        """Run 18 off/on singles, repeated nonzero, pending pair and fixed step.
    
        Fixtures are ordered safe/vulnerable for L32, L64 and L64+padding7. Their
        labels/provenance must be authenticated externally. Success is one synthetic
        cell only, not full-matrix/actual-host/resource/scientific acceptance.
        No full logits, autograd graphs or optimizer objects survive in the receipt.
        Execution failures now wrap the original cause in ObservationError or
        KeyboardInterrupt subclasses with bounded progress; invalid admission still
        fails before execution. Accumulation is one delegated stage, not a claim of
        microbatch-level or durable timeout journaling. No retry or rollback occurs.
        """
        if not callable(factory) or type(exact) is not bool:
            raise ObservationError("callable factory and exact boolean required")
        _schedule(fixtures)
        guard = _FactoryGuard(factory, exact)
        try:
            cases = _singles(guard, fixtures)
            guard.progress.stage = "pending_factory_off"
            off = guard.make("nonzero", False)
            guard.progress.stage = "pending_off"
            reference = observe_pending_pair(off, fixtures[:2], checkpoint=False)
            guard.progress.stage = "pending_factory_on"
            on = guard.make("nonzero", True)
            guard.progress.stage = "pending_on"
            actual = observe_pending_pair(on, fixtures[:2], checkpoint=True)
            guard.progress.stage = "pending_compare"
            compare_pending_observations(reference, actual, exact=exact)
            pending = reference.summed_loss.item(), actual.summed_loss.item()
            guard.progress.pending_losses = pending
            del reference, actual, off, on
            guard.progress.stage = "accumulation"
            accumulation = run_accumulation_pair(
                lambda checkpoint: guard.make("nonzero", checkpoint),
                fixtures[2:4] * 8,
                exact=exact,
            )
            guard.progress.stage = "final_base"
            if _base_digest(guard.base) != guard.signature[0]:
                raise ObservationError("base changed after complete cell")
            return ParityCell(
                cases,
                pending,
                accumulation.comparison,
                guard.names,
                guard.count,
                guard.signature[0],
            )
        except KeyboardInterrupt as exc:
            guard.clear()
            raise ParityCellInterrupted(str(exc), guard.progress.failure()) from exc
        except Exception as exc:
            guard.clear()
>           raise ParityCellError(str(exc), guard.progress.failure()) from exc
E           aluclu.alc_r0.checkpoint_parity_cell.ParityCellError: unsupported computational attribute type: type

src\aluclu\alc_r0\checkpoint_parity_cell.py:352: ParityCellError

The above exception was the direct cause of the following exception:

    def test_full_random_qv_cell_real_backward_pending_and_adamw():
        def forbidden(*args, **kwargs):
            pytest.fail("random CPU integration must not initialize or seed CUDA")
    
        rng, threads = torch.get_rng_state().clone(), torch.get_num_threads()
        with pytest.MonkeyPatch.context() as gpu_guard:
            gpu_guard.setattr(torch.cuda, "manual_seed_all", forbidden)
            gpu_guard.setattr(torch.cuda, "_lazy_init", forbidden)
            with random_cpu_host() as host:
                before = _base_digest(host.model)
                inputs = fixtures()
>               result = run_reference_parity_suite(
                    host,
                    inputs,
                    exact=True,
                    expected_fixture_digest=_json_digest([asdict(f) for f in inputs]),
                )

tests\test_alc_r0_reference_parity_integration.py:35: 
_ _ _ _ _ _ _ _ _ _ _ _ _ _ _ _ _ _ _ _ _ _ _ _ _ _ _ _ _ _ _ _ _ _ _ _ _ _ _ _

host = VerifiedHost(model=LlamaForCausalLM(
  (model): LlamaModel(
    (embed_tokens): Embedding(1024, 576)
    (layers): Mod...e_word_embeddings': True, 'bos_token_id': 0, 'eos_token_id': 0}, parameter_count=31280448, trainable_parameter_count=0)
fixtures = (ParityInput(input_ids=(10, 2, 3, 4, 5, 6, 7, 8, 9, 10, 11, 12, 13, 14, 15, 16, 17, 18, 19, 20, 21, 22, 23, 24, 25, 26...52, 53, 54, 55, 56, 57, 58, 59, 60, 61, 62, 63, 64, 65, 66, 67, 68, 69, 70), prompt_length=62, candidate_ids=(13, 14)))
exact = True
expected_fixture_digest = '47a35817b3bd37e48d8adffe3a9d559c646eb7ddf4dab227487a83c10b16747b'

    def run_reference_parity_suite(host, fixtures, *, exact, expected_fixture_digest):
        """Bind fixed factory, generic cell and bounded separate success receipt.
    
        No public loader/factory/execution callback. The fixture digest must originate
        in caller-authenticated framing; equality alone does not confer provenance.
        Original cell keeps18 singles/pending pair/16 accumulation/preclip comparisons
        and fixed step1. Failures retain the inner journal, whose accumulation stage
        remains coarse. Outer owner persists scalar evidence and discards live chained
        exceptions/wrappers; this function neither journals process kills nor retries.
        """
        if (
            type(exact) is not bool
            or torch.is_inference_mode_enabled()
            or not torch.is_grad_enabled()
        ):
            raise ValueError(
                "explicit mode and ordinary grad-enabled construction required"
            )
        _schedule(fixtures)
        _sha(expected_fixture_digest)
        fixture_digest = _json_digest([asdict(fixture) for fixture in fixtures])
        if fixture_digest != expected_fixture_digest:
            raise ValueError("expected six-fixture digest required")
        signature = _signature(host)
        if exact != (signature[0].type == "cpu"):
            raise ValueError("CPU exact/GPU fixed tolerance mode required")
        identity = ReferenceParityIdentity(
            str(signature[0]),
            str(next(host.model.parameters()).dtype),
            signature[1],
            signature[5],
            signature[6],
            fixture_digest,
        )
        stage, factory, completed_progress = "prepare", None, None
        try:
            factory = _ReferenceFactory(host, signature, exact)
            stage = "cell"
            cell = run_parity_cell(factory.make, fixtures, exact=exact)
            completed_progress = _completed_progress(cell)
            stage = "final_base"
            factory.unchanged()
            stage = "receipt"
            result = ReferenceParityReceipt(identity, PARITY_SEED, cell)
            validate_reference_parity_receipt(result, expected_identity=identity)
            if any(row.factor_digest != factory.digests[row.state] for row in cell.cases):
                raise ValueError("receipt must bind original seeded factor state bytes")
            factory.unchanged()
            return result
        except KeyboardInterrupt as exc:
            if factory is not None:
                factory.clear()
            inner = (
                exc.failure
                if type(exc) is ParityCellInterrupted
                else (
                    replace(completed_progress, stage=stage)
                    if completed_progress is not None
                    else None
                )
            )
            raise ReferenceParityInterrupted(ReferenceParityFailure(stage, inner)) from exc
        except Exception as exc:
            if factory is not None:
                factory.clear()
            inner = (
                exc.failure
                if type(exc) is ParityCellError
                else (
                    replace(completed_progress, stage=stage)
                    if completed_progress is not None
                    else None
                )
            )
>           raise ReferenceParityError(ReferenceParityFailure(stage, inner)) from exc
E           aluclu.alc_r0.reference_parity_suite.ReferenceParityError: terminal q/v parity failure at cell

src\aluclu\alc_r0\reference_parity_suite.py:248: ReferenceParityError
=========================== short test summary info ===========================
FAILED tests/test_alc_r0_reference_parity_integration.py::test_full_random_qv_cell_real_backward_pending_and_adamw
