FFF                                                                      [100%]
================================== FAILURES ===================================
_ test_complete_fixed_schedule_roundtrip[alc-r0-qualification-v1-d-cpu-fresh1-s20260916] _

control = 'alc-r0-qualification-v1-d-cpu-fresh1-s20260916'

    @pytest.mark.parametrize("control", CONTROLS)
    def test_complete_fixed_schedule_roundtrip(control):
        req = request(control)
        result = full_result(req)
        data = canonical_json_bytes(result)
        assert len(result["qualification"]["official"]["cases"]) == 1296
        assert len(data) < 4 * 1024 * 1024
>       view = decode_result(result, req)
               ^^^^^^^^^^^^^^^^^^^^^^^^^^

tests\test_alc_r0_fixed_d_wire.py:142: 
_ _ _ _ _ _ _ _ _ _ _ _ _ _ _ _ _ _ _ _ _ _ _ _ _ _ _ _ _ _ _ _ _ _ _ _ _ _ _ _
tests\test_alc_r0_fixed_d_wire.py:130: in decode_result
    module = wire()
             ^^^^^^
tests\test_alc_r0_fixed_d_wire.py:32: in wire
    return importlib.import_module("aluclu.alc_r0.fixed_d_wire")
           ^^^^^^^^^^^^^^^^^^^^^^^^^^^^^^^^^^^^^^^^^^^^^^^^^^^^^
C:\Users\kaann\AppData\Roaming\uv\python\cpython-3.12-windows-x86_64-none\Lib\importlib\__init__.py:90: in import_module
    return _bootstrap._gcd_import(name[level:], package, level)
           ^^^^^^^^^^^^^^^^^^^^^^^^^^^^^^^^^^^^^^^^^^^^^^^^^^^^
<frozen importlib._bootstrap>:1387: in _gcd_import
    ???
<frozen importlib._bootstrap>:1360: in _find_and_load
    ???
_ _ _ _ _ _ _ _ _ _ _ _ _ _ _ _ _ _ _ _ _ _ _ _ _ _ _ _ _ _ _ _ _ _ _ _ _ _ _ _

name = 'aluclu.alc_r0.fixed_d_wire'
import_ = <function _gcd_import at 0x0000014F9BD880E0>

>   ???
E   ModuleNotFoundError: No module named 'aluclu.alc_r0.fixed_d_wire'

<frozen importlib._bootstrap>:1324: ModuleNotFoundError
_ test_complete_fixed_schedule_roundtrip[alc-r0-qualification-v1-d-gpu-fresh1-s20260916] _

control = 'alc-r0-qualification-v1-d-gpu-fresh1-s20260916'

    @pytest.mark.parametrize("control", CONTROLS)
    def test_complete_fixed_schedule_roundtrip(control):
        req = request(control)
        result = full_result(req)
        data = canonical_json_bytes(result)
        assert len(result["qualification"]["official"]["cases"]) == 1296
        assert len(data) < 4 * 1024 * 1024
>       view = decode_result(result, req)
               ^^^^^^^^^^^^^^^^^^^^^^^^^^

tests\test_alc_r0_fixed_d_wire.py:142: 
_ _ _ _ _ _ _ _ _ _ _ _ _ _ _ _ _ _ _ _ _ _ _ _ _ _ _ _ _ _ _ _ _ _ _ _ _ _ _ _
tests\test_alc_r0_fixed_d_wire.py:130: in decode_result
    module = wire()
             ^^^^^^
tests\test_alc_r0_fixed_d_wire.py:32: in wire
    return importlib.import_module("aluclu.alc_r0.fixed_d_wire")
           ^^^^^^^^^^^^^^^^^^^^^^^^^^^^^^^^^^^^^^^^^^^^^^^^^^^^^
C:\Users\kaann\AppData\Roaming\uv\python\cpython-3.12-windows-x86_64-none\Lib\importlib\__init__.py:90: in import_module
    return _bootstrap._gcd_import(name[level:], package, level)
           ^^^^^^^^^^^^^^^^^^^^^^^^^^^^^^^^^^^^^^^^^^^^^^^^^^^^
<frozen importlib._bootstrap>:1387: in _gcd_import
    ???
<frozen importlib._bootstrap>:1360: in _find_and_load
    ???
_ _ _ _ _ _ _ _ _ _ _ _ _ _ _ _ _ _ _ _ _ _ _ _ _ _ _ _ _ _ _ _ _ _ _ _ _ _ _ _

name = 'aluclu.alc_r0.fixed_d_wire'
import_ = <function _gcd_import at 0x0000014F9BD880E0>

>   ???
E   ModuleNotFoundError: No module named 'aluclu.alc_r0.fixed_d_wire'

<frozen importlib._bootstrap>:1324: ModuleNotFoundError
_ test_complete_fixed_schedule_roundtrip[alc-r0-qualification-v1-d-gpu-fresh2-s20260916] _

control = 'alc-r0-qualification-v1-d-gpu-fresh2-s20260916'

    @pytest.mark.parametrize("control", CONTROLS)
    def test_complete_fixed_schedule_roundtrip(control):
        req = request(control)
        result = full_result(req)
        data = canonical_json_bytes(result)
        assert len(result["qualification"]["official"]["cases"]) == 1296
        assert len(data) < 4 * 1024 * 1024
>       view = decode_result(result, req)
               ^^^^^^^^^^^^^^^^^^^^^^^^^^

tests\test_alc_r0_fixed_d_wire.py:142: 
_ _ _ _ _ _ _ _ _ _ _ _ _ _ _ _ _ _ _ _ _ _ _ _ _ _ _ _ _ _ _ _ _ _ _ _ _ _ _ _
tests\test_alc_r0_fixed_d_wire.py:130: in decode_result
    module = wire()
             ^^^^^^
tests\test_alc_r0_fixed_d_wire.py:32: in wire
    return importlib.import_module("aluclu.alc_r0.fixed_d_wire")
           ^^^^^^^^^^^^^^^^^^^^^^^^^^^^^^^^^^^^^^^^^^^^^^^^^^^^^
C:\Users\kaann\AppData\Roaming\uv\python\cpython-3.12-windows-x86_64-none\Lib\importlib\__init__.py:90: in import_module
    return _bootstrap._gcd_import(name[level:], package, level)
           ^^^^^^^^^^^^^^^^^^^^^^^^^^^^^^^^^^^^^^^^^^^^^^^^^^^^
<frozen importlib._bootstrap>:1387: in _gcd_import
    ???
<frozen importlib._bootstrap>:1360: in _find_and_load
    ???
_ _ _ _ _ _ _ _ _ _ _ _ _ _ _ _ _ _ _ _ _ _ _ _ _ _ _ _ _ _ _ _ _ _ _ _ _ _ _ _

name = 'aluclu.alc_r0.fixed_d_wire'
import_ = <function _gcd_import at 0x0000014F9BD880E0>

>   ???
E   ModuleNotFoundError: No module named 'aluclu.alc_r0.fixed_d_wire'

<frozen importlib._bootstrap>:1324: ModuleNotFoundError
=========================== short test summary info ===========================
FAILED tests/test_alc_r0_fixed_d_wire.py::test_complete_fixed_schedule_roundtrip[alc-r0-qualification-v1-d-cpu-fresh1-s20260916]
FAILED tests/test_alc_r0_fixed_d_wire.py::test_complete_fixed_schedule_roundtrip[alc-r0-qualification-v1-d-gpu-fresh1-s20260916]
FAILED tests/test_alc_r0_fixed_d_wire.py::test_complete_fixed_schedule_roundtrip[alc-r0-qualification-v1-d-gpu-fresh2-s20260916]
