FFF                                                                      [100%]
================================== FAILURES ===================================
_ test_worker_bootstrap_denies[alc-r0-qualification-v1-d-cpu-fresh1-s20260916] _

control = 'alc-r0-qualification-v1-d-cpu-fresh1-s20260916'
capsys = <_pytest.capture.CaptureFixture object at 0x000001D0C68A5790>

    @pytest.mark.parametrize("control", CONTROLS)
    def test_worker_bootstrap_denies(control, capsys):
        before = dict(os.environ)
>       assert worker().main() == 2
               ^^^^^^^^

tests\test_alc_r0_fixed_d_worker.py:25: 
_ _ _ _ _ _ _ _ _ _ _ _ _ _ _ _ _ _ _ _ _ _ _ _ _ _ _ _ _ _ _ _ _ _ _ _ _ _ _ _
tests\test_alc_r0_fixed_d_worker.py:16: in worker
    return importlib.import_module("aluclu.alc_r0.fixed_d_worker")
           ^^^^^^^^^^^^^^^^^^^^^^^^^^^^^^^^^^^^^^^^^^^^^^^^^^^^^^^
C:\Users\kaann\AppData\Roaming\uv\python\cpython-3.12-windows-x86_64-none\Lib\importlib\__init__.py:90: in import_module
    return _bootstrap._gcd_import(name[level:], package, level)
           ^^^^^^^^^^^^^^^^^^^^^^^^^^^^^^^^^^^^^^^^^^^^^^^^^^^^
<frozen importlib._bootstrap>:1387: in _gcd_import
    ???
<frozen importlib._bootstrap>:1360: in _find_and_load
    ???
_ _ _ _ _ _ _ _ _ _ _ _ _ _ _ _ _ _ _ _ _ _ _ _ _ _ _ _ _ _ _ _ _ _ _ _ _ _ _ _

name = 'aluclu.alc_r0.fixed_d_worker'
import_ = <function _gcd_import at 0x000001D0C32C80E0>

>   ???
E   ModuleNotFoundError: No module named 'aluclu.alc_r0.fixed_d_worker'

<frozen importlib._bootstrap>:1324: ModuleNotFoundError
_ test_worker_bootstrap_denies[alc-r0-qualification-v1-d-gpu-fresh1-s20260916] _

control = 'alc-r0-qualification-v1-d-gpu-fresh1-s20260916'
capsys = <_pytest.capture.CaptureFixture object at 0x000001D0C68A4A70>

    @pytest.mark.parametrize("control", CONTROLS)
    def test_worker_bootstrap_denies(control, capsys):
        before = dict(os.environ)
>       assert worker().main() == 2
               ^^^^^^^^

tests\test_alc_r0_fixed_d_worker.py:25: 
_ _ _ _ _ _ _ _ _ _ _ _ _ _ _ _ _ _ _ _ _ _ _ _ _ _ _ _ _ _ _ _ _ _ _ _ _ _ _ _
tests\test_alc_r0_fixed_d_worker.py:16: in worker
    return importlib.import_module("aluclu.alc_r0.fixed_d_worker")
           ^^^^^^^^^^^^^^^^^^^^^^^^^^^^^^^^^^^^^^^^^^^^^^^^^^^^^^^
C:\Users\kaann\AppData\Roaming\uv\python\cpython-3.12-windows-x86_64-none\Lib\importlib\__init__.py:90: in import_module
    return _bootstrap._gcd_import(name[level:], package, level)
           ^^^^^^^^^^^^^^^^^^^^^^^^^^^^^^^^^^^^^^^^^^^^^^^^^^^^
<frozen importlib._bootstrap>:1387: in _gcd_import
    ???
<frozen importlib._bootstrap>:1360: in _find_and_load
    ???
_ _ _ _ _ _ _ _ _ _ _ _ _ _ _ _ _ _ _ _ _ _ _ _ _ _ _ _ _ _ _ _ _ _ _ _ _ _ _ _

name = 'aluclu.alc_r0.fixed_d_worker'
import_ = <function _gcd_import at 0x000001D0C32C80E0>

>   ???
E   ModuleNotFoundError: No module named 'aluclu.alc_r0.fixed_d_worker'

<frozen importlib._bootstrap>:1324: ModuleNotFoundError
_ test_worker_bootstrap_denies[alc-r0-qualification-v1-d-gpu-fresh2-s20260916] _

control = 'alc-r0-qualification-v1-d-gpu-fresh2-s20260916'
capsys = <_pytest.capture.CaptureFixture object at 0x000001D0C68A7710>

    @pytest.mark.parametrize("control", CONTROLS)
    def test_worker_bootstrap_denies(control, capsys):
        before = dict(os.environ)
>       assert worker().main() == 2
               ^^^^^^^^

tests\test_alc_r0_fixed_d_worker.py:25: 
_ _ _ _ _ _ _ _ _ _ _ _ _ _ _ _ _ _ _ _ _ _ _ _ _ _ _ _ _ _ _ _ _ _ _ _ _ _ _ _
tests\test_alc_r0_fixed_d_worker.py:16: in worker
    return importlib.import_module("aluclu.alc_r0.fixed_d_worker")
           ^^^^^^^^^^^^^^^^^^^^^^^^^^^^^^^^^^^^^^^^^^^^^^^^^^^^^^^
C:\Users\kaann\AppData\Roaming\uv\python\cpython-3.12-windows-x86_64-none\Lib\importlib\__init__.py:90: in import_module
    return _bootstrap._gcd_import(name[level:], package, level)
           ^^^^^^^^^^^^^^^^^^^^^^^^^^^^^^^^^^^^^^^^^^^^^^^^^^^^
<frozen importlib._bootstrap>:1387: in _gcd_import
    ???
<frozen importlib._bootstrap>:1360: in _find_and_load
    ???
_ _ _ _ _ _ _ _ _ _ _ _ _ _ _ _ _ _ _ _ _ _ _ _ _ _ _ _ _ _ _ _ _ _ _ _ _ _ _ _

name = 'aluclu.alc_r0.fixed_d_worker'
import_ = <function _gcd_import at 0x000001D0C32C80E0>

>   ???
E   ModuleNotFoundError: No module named 'aluclu.alc_r0.fixed_d_worker'

<frozen importlib._bootstrap>:1324: ModuleNotFoundError
=========================== short test summary info ===========================
FAILED tests/test_alc_r0_fixed_d_worker.py::test_worker_bootstrap_denies[alc-r0-qualification-v1-d-cpu-fresh1-s20260916]
FAILED tests/test_alc_r0_fixed_d_worker.py::test_worker_bootstrap_denies[alc-r0-qualification-v1-d-gpu-fresh1-s20260916]
FAILED tests/test_alc_r0_fixed_d_worker.py::test_worker_bootstrap_denies[alc-r0-qualification-v1-d-gpu-fresh2-s20260916]
