source_commit=d4fb2d1bc166b74c38e27424585f43059025777e
source_tree_sha256=11b4300847051169928e1ce1e57b9073b1fe29c5a0624d8bcd05e436b79486d9
source_tracked_files=342
model_inventory_sha256=d9db0058a63990399f26b53ff7480f2e67bd5ef9a0398797fecfeb4ed9732b0e
base_state_sha256=ce7e8dd6a97ac4cc56bf4f1e38625817386e27af58f1ed63377741f7f2aab1ba
command=python -m aluclu.alc_r0.context_gradient_probe <verified_local_snapshot> --length <length> --arm <arm>
wall_time_provenance=Manually transcribed from terminal stopwatch output after each process; not emitted by the probe receipt.
environment=PYTHONPATH=src; HF_HUB_OFFLINE=1; TRANSFORMERS_OFFLINE=1; HF_DATASETS_OFFLINE=1; CUBLAS_WORKSPACE_CONFIG=:4096:8
torch_version=2.14.0+cu130
transformers_version=5.17.0
python_version=3.12.13
gpu=NVIDIA GeForce RTX 4050 Laptop GPU
gpu_total_bytes=6438780928
cell=512-capsule python_exit_code=0 wall_seconds=81.819 stdout_sha256=511776e09f0dfcd96fd786f2f39da7fc01078d3ba7d908c03184fb77a80fcca2 stderr_sha256=6536f169a0dc670de9b10367ba7ff3f8319107ee71849ab038dd5ca4187aa816
cell=512-q_lora python_exit_code=0 wall_seconds=71.809 stdout_sha256=6a5a9b419b777bbae7d1aa931bfaf98cabe481b582a86d684c51ff2ed2824bb7 stderr_sha256=ab49f611f0370673ae5610f1a23338f0f8176a659431232f63eb8cb2f7b89d25
cell=1024-capsule python_exit_code=0 wall_seconds=73.893 stdout_sha256=8d09a6cab782f9e38ac482bddd062dd559854134cad247495702324da6a03850 stderr_sha256=68b7a1bcdecb2c32770c2df2b92537d803dcdcdcd14bf55b96a6e26a55137c2c
cell=1024-q_lora python_exit_code=0 wall_seconds=70.416 stdout_sha256=c180702fdccbe2a8792de96ef13585873a87463440f546a5b383599e024c1f29 stderr_sha256=17cc2178036dd8d543b4f9e91086273680994dfbc6858539051063caa9bd07d8
cell=2048-capsule python_exit_code=0 wall_seconds=71.628 stdout_sha256=92ecbc5a361a90818049a363cc6aa7ae159b32153327cb4aaf6ac3c908ef5723 stderr_sha256=5d49fcbb1002eafecac50308ac8afce84d1c07c931ffc2118bee0f532ecf53fb
cell=2048-q_lora python_exit_code=0 wall_seconds=96.023 stdout_sha256=f47171b93297b85221d74577032db0444ecb41c2334af459fc688b9242f813d9 stderr_sha256=238aebb6dcbd9b5e8f6ddaa8688a23ef683a9283a1627efa26b3d51ef98b58bc
stderr_note=All stderr files contain local model-loading progress only; no traceback or OOM was observed.
measurement_limit=One synthetic final-token backward per cell, zero optimizer updates; not full-sequence label loss, 200-step pilot, or real-data training.
