........................................................................ [  6%]
........................................................................ [ 13%]
........................................................................ [ 20%]
........................................................................ [ 27%]
........................................................................ [ 34%]
........................................................................ [ 41%]
........................................................................ [ 47%]
........................................................................ [ 54%]
........................................................................ [ 61%]
........................................................................ [ 68%]
........................................................................ [ 75%]
........................................................................ [ 82%]
........................................................................ [ 89%]
........................................................................ [ 95%]
...........................................                              [100%]
============================== warnings summary ===============================
tests/test_cognition_keyring_store.py::test_real_platform_keyring_record_store_smoke
  tests\test_cognition_keyring_store.py:547: PytestWarning: record_property is incompatible with junit_family 'xunit2' (use 'legacy' or 'xunit1')
    def test_real_platform_keyring_record_store_smoke(

-- Docs: https://docs.pytest.org/en/stable/how-to/capture-warnings.html
